#-----------------------------------------------------------
# Vivado v2016.4 (64-bit)
# SW Build 1733598 on Wed Dec 14 22:35:42 MST 2016
# IP Build 1731160 on Wed Dec 14 23:47:21 MST 2016
# Start of session at: Wed Jan 31 15:54:00 2018
# Process ID: 1089
# Current directory: /home/cc/eecs151/sp18/class/eecs151-aaq/fpga_labs_sp18/lab2
# Command line: vivado
# Log file: /home/cc/eecs151/sp18/class/eecs151-aaq/fpga_labs_sp18/lab2/vivado.log
# Journal file: /home/cc/eecs151/sp18/class/eecs151-aaq/fpga_labs_sp18/lab2/vivado.jou
#-----------------------------------------------------------
start_gui
open_project /home/cc/eecs151/sp18/class/eecs151-aaq/fpga_labs_sp18/lab2/lab2.xpr
save_project_as project_1 /home/cc/eecs151/sp18/class/eecs151-aaq/fpga_labs_sp18/lab2/project_1 -force
close_project
open_project /home/cc/eecs151/sp18/class/eecs151-aaq/fpga_labs_sp18/lab2/lab2.xpr
save_project_as lab2 /home/cc/eecs151/sp18/class/eecs151-aaq/Desktop/lab2 -force
close_project
open_project /home/cc/eecs151/sp18/class/eecs151-aaq/fpga_labs_sp18/lab2/lab2.xpr
launch_runs synth_1 -jobs 2
wait_on_run synth_1
launch_runs impl_1 -jobs 2
wait_on_run impl_1
open_run impl_1
launch_runs impl_1 -to_step write_bitstream -jobs 2
wait_on_run impl_1
open_run synth_1 -name synth_1
report_timing_summary -delay_type min_max -report_unconstrained -check_timing_verbose -max_paths 10 -input_pins -name timing_1
open_hw
connect_hw_server
open_hw_target
current_hw_device [lindex [get_hw_devices xc7z020_1] 0]
refresh_hw_device -update_hw_probes false [lindex [get_hw_devices xc7z020_1] 0]
reset_run impl_1 -prev_step 
launch_runs impl_1 -to_step write_bitstream -jobs 2
wait_on_run impl_1
refresh_hw_device [lindex [get_hw_devices xc7z020_1] 0]
close_hw
close_design
close_design
add_files -norecurse /home/cc/eecs151/sp18/class/eecs151-aaq/fpga_labs_sp18/lab2/lab2.srcs/sources_1/new/behavioral_adder.v
reset_run synth_1
launch_runs synth_1 -jobs 2
wait_on_run synth_1
reset_run synth_1
launch_runs synth_1 -jobs 2
wait_on_run synth_1
reset_run synth_1
launch_runs synth_1 -jobs 2
wait_on_run synth_1
launch_runs impl_1 -jobs 2
wait_on_run impl_1
launch_runs impl_1 -to_step write_bitstream -jobs 2
wait_on_run impl_1
close_project
open_project /home/cc/eecs151/sp18/class/eecs151-aaq/fpga_labs_sp18/lab2/lab2.xpr
reset_run synth_1
launch_runs synth_1 -jobs 2
wait_on_run synth_1
launch_runs impl_1 -to_step write_bitstream -jobs 2
wait_on_run impl_1
open_run impl_1
open_hw
connect_hw_server
open_hw_target
set_property PROGRAM.FILE {/home/cc/eecs151/sp18/class/eecs151-aaq/fpga_labs_sp18/lab2/lab2.runs/impl_1/z1top.bit} [lindex [get_hw_devices xc7z020_1] 0]
current_hw_device [lindex [get_hw_devices xc7z020_1] 0]
refresh_hw_device -update_hw_probes false [lindex [get_hw_devices xc7z020_1] 0]
set_property PROBES.FILE {} [lindex [get_hw_devices xc7z020_1] 0]
set_property PROGRAM.FILE {/home/cc/eecs151/sp18/class/eecs151-aaq/fpga_labs_sp18/lab2/lab2.runs/impl_1/z1top.bit} [lindex [get_hw_devices xc7z020_1] 0]
program_hw_devices [lindex [get_hw_devices xc7z020_1] 0]
refresh_hw_device [lindex [get_hw_devices xc7z020_1] 0]
close_hw
close_design
synth_design -rtl -name rtl_1
close_design
open_run synth_1 -name synth_1
close_design
open_run impl_1
close_design
open_run synth_1 -name synth_1
close_design
open_run impl_1
open_hw
connect_hw_server
open_hw_target
set_property PROGRAM.FILE {/home/cc/eecs151/sp18/class/eecs151-aaq/fpga_labs_sp18/lab2/lab2.runs/impl_1/z1top.bit} [lindex [get_hw_devices xc7z020_1] 0]
current_hw_device [lindex [get_hw_devices xc7z020_1] 0]
refresh_hw_device -update_hw_probes false [lindex [get_hw_devices xc7z020_1] 0]
reset_run synth_1
launch_runs impl_1 -to_step write_bitstream -jobs 2
wait_on_run impl_1
reset_run synth_1
launch_runs impl_1 -to_step write_bitstream -jobs 2
wait_on_run impl_1
reset_run impl_1 -prev_step 
launch_runs impl_1 -to_step write_bitstream -jobs 2
wait_on_run impl_1
reset_run synth_1
launch_runs impl_1 -to_step write_bitstream -jobs 2
wait_on_run impl_1
set_property PROBES.FILE {} [lindex [get_hw_devices xc7z020_1] 0]
set_property PROGRAM.FILE {/home/cc/eecs151/sp18/class/eecs151-aaq/fpga_labs_sp18/lab2/lab2.runs/impl_1/z1top.bit} [lindex [get_hw_devices xc7z020_1] 0]
program_hw_devices [lindex [get_hw_devices xc7z020_1] 0]
refresh_hw_device [lindex [get_hw_devices xc7z020_1] 0]
synth_design -rtl -name rtl_1
reset_run impl_1 -prev_step 
launch_runs impl_1 -to_step write_bitstream -jobs 2
wait_on_run impl_1
reset_run impl_1 -prev_step 
reset_run synth_1
launch_runs impl_1 -to_step write_bitstream -jobs 2
wait_on_run impl_1
set_property PROBES.FILE {} [lindex [get_hw_devices xc7z020_1] 0]
set_property PROGRAM.FILE {/home/cc/eecs151/sp18/class/eecs151-aaq/fpga_labs_sp18/lab2/lab2.runs/impl_1/z1top.bit} [lindex [get_hw_devices xc7z020_1] 0]
program_hw_devices [lindex [get_hw_devices xc7z020_1] 0]
refresh_hw_device [lindex [get_hw_devices xc7z020_1] 0]
reset_run synth_1
launch_runs impl_1 -to_step write_bitstream -jobs 2
wait_on_run impl_1
reset_run synth_1
launch_runs impl_1 -to_step write_bitstream -jobs 2
wait_on_run impl_1
reset_run impl_1 -prev_step 
launch_runs impl_1 -to_step write_bitstream -jobs 2
wait_on_run impl_1
set_property PROBES.FILE {} [lindex [get_hw_devices xc7z020_1] 0]
set_property PROGRAM.FILE {/home/cc/eecs151/sp18/class/eecs151-aaq/fpga_labs_sp18/lab2/lab2.runs/impl_1/z1top.bit} [lindex [get_hw_devices xc7z020_1] 0]
program_hw_devices [lindex [get_hw_devices xc7z020_1] 0]
refresh_hw_device [lindex [get_hw_devices xc7z020_1] 0]
reset_run synth_1
launch_runs impl_1 -to_step write_bitstream -jobs 2
wait_on_run impl_1
set_property PROBES.FILE {} [lindex [get_hw_devices xc7z020_1] 0]
set_property PROGRAM.FILE {/home/cc/eecs151/sp18/class/eecs151-aaq/fpga_labs_sp18/lab2/lab2.runs/impl_1/z1top.bit} [lindex [get_hw_devices xc7z020_1] 0]
program_hw_devices [lindex [get_hw_devices xc7z020_1] 0]
refresh_hw_device [lindex [get_hw_devices xc7z020_1] 0]
reset_run impl_1 -prev_step 
launch_runs impl_1 -to_step write_bitstream -jobs 2
wait_on_run impl_1
set_property PROBES.FILE {} [lindex [get_hw_devices xc7z020_1] 0]
set_property PROGRAM.FILE {/home/cc/eecs151/sp18/class/eecs151-aaq/fpga_labs_sp18/lab2/lab2.runs/impl_1/z1top.bit} [lindex [get_hw_devices xc7z020_1] 0]
program_hw_devices [lindex [get_hw_devices xc7z020_1] 0]
refresh_hw_device [lindex [get_hw_devices xc7z020_1] 0]
reset_run synth_1
launch_runs impl_1 -to_step write_bitstream -jobs 2
wait_on_run impl_1
set_property PROBES.FILE {} [lindex [get_hw_devices xc7z020_1] 0]
set_property PROGRAM.FILE {/home/cc/eecs151/sp18/class/eecs151-aaq/fpga_labs_sp18/lab2/lab2.runs/impl_1/z1top.bit} [lindex [get_hw_devices xc7z020_1] 0]
program_hw_devices [lindex [get_hw_devices xc7z020_1] 0]
refresh_hw_device [lindex [get_hw_devices xc7z020_1] 0]
